
R version 3.1.2 (2014-10-31) -- "Pumpkin Helmet"
Copyright (C) 2014 The R Foundation for Statistical Computing
Platform: x86_64-w64-mingw32/x64 (64-bit)

R is free software and comes with ABSOLUTELY NO WARRANTY.
You are welcome to redistribute it under certain conditions.
Type 'license()' or 'licence()' for distribution details.

  Natural language support but running in an English locale

R is a collaborative project with many contributors.
Type 'contributors()' for more information and
'citation()' on how to cite R or R packages in publications.

Type 'demo()' for some demos, 'help()' for on-line help, or
'help.start()' for an HTML browser interface to help.
Type 'q()' to quit R.

> dir
function (path = ".", pattern = NULL, all.files = FALSE, full.names = FALSE, 
    recursive = FALSE, ignore.case = FALSE, include.dirs = FALSE, 
    no.. = FALSE) 
.Internal(list.files(path, pattern, all.files, full.names, recursive, 
    ignore.case, include.dirs, no..))
<bytecode: 0x00000000112534e0>
<environment: namespace:base>
> getwd()
[1] "C:/Users/Owner/Desktop/datascience"
> read.table
function (file, header = FALSE, sep = "", quote = "\"'", dec = ".", 
    numerals = c("allow.loss", "warn.loss", "no.loss"), row.names, 
    col.names, as.is = !stringsAsFactors, na.strings = "NA", 
    colClasses = NA, nrows = -1, skip = 0, check.names = TRUE, 
    fill = !blank.lines.skip, strip.white = FALSE, blank.lines.skip = TRUE, 
    comment.char = "#", allowEscapes = FALSE, flush = FALSE, 
    stringsAsFactors = default.stringsAsFactors(), fileEncoding = "", 
    encoding = "unknown", text, skipNul = FALSE) 
{
    if (missing(file) && !missing(text)) {
        file <- textConnection(text, encoding = "UTF-8")
        encoding <- "UTF-8"
        on.exit(close(file))
    }
    if (is.character(file)) {
        file <- if (nzchar(fileEncoding)) 
            file(file, "rt", encoding = fileEncoding)
        else file(file, "rt")
        on.exit(close(file))
    }
    if (!inherits(file, "connection")) 
        stop("'file' must be a character string or connection")
    if (!isOpen(file, "rt")) {
        open(file, "rt")
        on.exit(close(file))
    }
    pbEncoding <- if (encoding %in% c("", "bytes", "UTF-8")) 
        encoding
    else "bytes"
    numerals <- match.arg(numerals)
    if (skip > 0L) 
        readLines(file, skip)
    nlines <- n0lines <- if (nrows < 0L) 
        5
    else min(5L, (header + nrows))
    lines <- .External(C_readtablehead, file, nlines, comment.char, 
        blank.lines.skip, quote, sep, skipNul)
    if (encoding %in% c("UTF-8", "latin1")) 
        Encoding(lines) <- encoding
    nlines <- length(lines)
    if (!nlines) {
        if (missing(col.names)) 
            stop("no lines available in input")
        rlabp <- FALSE
        cols <- length(col.names)
    }
    else {
        if (all(!nzchar(lines))) 
            stop("empty beginning of file")
        if (nlines < n0lines && file == 0L) {
            pushBack(c(lines, lines, ""), file, encoding = pbEncoding)
            on.exit((clearPushBack(stdin())))
        }
        else pushBack(c(lines, lines), file, encoding = pbEncoding)
        first <- scan(file, what = "", sep = sep, quote = quote, 
            nlines = 1, quiet = TRUE, skip = 0, strip.white = TRUE, 
            blank.lines.skip = blank.lines.skip, comment.char = comment.char, 
            allowEscapes = allowEscapes, encoding = encoding, 
            skipNul = skipNul)
        col1 <- if (missing(col.names)) 
            length(first)
        else length(col.names)
        col <- numeric(nlines - 1L)
        if (nlines > 1L) 
            for (i in seq_along(col)) col[i] <- length(scan(file, 
                what = "", sep = sep, quote = quote, nlines = 1, 
                quiet = TRUE, skip = 0, strip.white = strip.white, 
                blank.lines.skip = blank.lines.skip, comment.char = comment.char, 
                allowEscapes = allowEscapes, encoding = encoding, 
                skipNul = skipNul))
        cols <- max(col1, col)
        rlabp <- (cols - col1) == 1L
        if (rlabp && missing(header)) 
            header <- TRUE
        if (!header) 
            rlabp <- FALSE
        if (header) {
            .External(C_readtablehead, file, 1L, comment.char, 
                blank.lines.skip, quote, sep, skipNul)
            if (missing(col.names)) 
                col.names <- first
            else if (length(first) != length(col.names)) 
                warning("header and 'col.names' are of different lengths")
        }
        else if (missing(col.names)) 
            col.names <- paste0("V", 1L:cols)
        if (length(col.names) + rlabp < cols) 
            stop("more columns than column names")
        if (fill && length(col.names) > cols) 
            cols <- length(col.names)
        if (!fill && cols > 0L && length(col.names) > cols) 
            stop("more column names than columns")
        if (cols == 0L) 
            stop("first five rows are empty: giving up")
    }
    if (check.names) 
        col.names <- make.names(col.names, unique = TRUE)
    if (rlabp) 
        col.names <- c("row.names", col.names)
    nmColClasses <- names(colClasses)
    if (length(colClasses) < cols) 
        if (is.null(nmColClasses)) {
            colClasses <- rep_len(colClasses, cols)
        }
        else {
            tmp <- rep_len(NA_character_, cols)
            names(tmp) <- col.names
            i <- match(nmColClasses, col.names, 0L)
            if (any(i <= 0L)) 
                warning("not all columns named in 'colClasses' exist")
            tmp[i[i > 0L]] <- colClasses
            colClasses <- tmp
        }
    what <- rep.int(list(""), cols)
    names(what) <- col.names
    colClasses[colClasses %in% c("real", "double")] <- "numeric"
    known <- colClasses %in% c("logical", "integer", "numeric", 
        "complex", "character", "raw")
    what[known] <- sapply(colClasses[known], do.call, list(0))
    what[colClasses %in% "NULL"] <- list(NULL)
    keep <- !sapply(what, is.null)
    data <- scan(file = file, what = what, sep = sep, quote = quote, 
        dec = dec, nmax = nrows, skip = 0, na.strings = na.strings, 
        quiet = TRUE, fill = fill, strip.white = strip.white, 
        blank.lines.skip = blank.lines.skip, multi.line = FALSE, 
        comment.char = comment.char, allowEscapes = allowEscapes, 
        flush = flush, encoding = encoding, skipNul = skipNul)
    nlines <- length(data[[which.max(keep)]])
    if (cols != length(data)) {
        warning("cols = ", cols, " != length(data) = ", length(data), 
            domain = NA)
        cols <- length(data)
    }
    if (is.logical(as.is)) {
        as.is <- rep_len(as.is, cols)
    }
    else if (is.numeric(as.is)) {
        if (any(as.is < 1 | as.is > cols)) 
            stop("invalid numeric 'as.is' expression")
        i <- rep.int(FALSE, cols)
        i[as.is] <- TRUE
        as.is <- i
    }
    else if (is.character(as.is)) {
        i <- match(as.is, col.names, 0L)
        if (any(i <= 0L)) 
            warning("not all columns named in 'as.is' exist")
        i <- i[i > 0L]
        as.is <- rep.int(FALSE, cols)
        as.is[i] <- TRUE
    }
    else if (length(as.is) != cols) 
        stop(gettextf("'as.is' has the wrong length %d  != cols = %d", 
            length(as.is), cols), domain = NA)
    do <- keep & !known
    if (rlabp) 
        do[1L] <- FALSE
    for (i in (1L:cols)[do]) {
        data[[i]] <- if (is.na(colClasses[i])) 
            type.convert(data[[i]], as.is = as.is[i], dec = dec, 
                numerals = numerals, na.strings = character(0L))
        else if (colClasses[i] == "factor") 
            as.factor(data[[i]])
        else if (colClasses[i] == "Date") 
            as.Date(data[[i]])
        else if (colClasses[i] == "POSIXct") 
            as.POSIXct(data[[i]])
        else methods::as(data[[i]], colClasses[i])
    }
    compactRN <- TRUE
    if (missing(row.names)) {
        if (rlabp) {
            row.names <- data[[1L]]
            data <- data[-1L]
            keep <- keep[-1L]
            compactRN <- FALSE
        }
        else row.names <- .set_row_names(as.integer(nlines))
    }
    else if (is.null(row.names)) {
        row.names <- .set_row_names(as.integer(nlines))
    }
    else if (is.character(row.names)) {
        compactRN <- FALSE
        if (length(row.names) == 1L) {
            rowvar <- (1L:cols)[match(col.names, row.names, 0L) == 
                1L]
            row.names <- data[[rowvar]]
            data <- data[-rowvar]
            keep <- keep[-rowvar]
        }
    }
    else if (is.numeric(row.names) && length(row.names) == 1L) {
        compactRN <- FALSE
        rlabp <- row.names
        row.names <- data[[rlabp]]
        data <- data[-rlabp]
        keep <- keep[-rlabp]
    }
    else stop("invalid 'row.names' specification")
    data <- data[keep]
    if (is.object(row.names) || !(is.integer(row.names))) 
        row.names <- as.character(row.names)
    if (!compactRN) {
        if (length(row.names) != nlines) 
            stop("invalid 'row.names' length")
        if (anyDuplicated(row.names)) 
            stop("duplicate 'row.names' are not allowed")
        if (anyNA(row.names)) 
            stop("missing values in 'row.names' are not allowed")
    }
    class(data) <- "data.frame"
    attr(data, "row.names") <- row.names
    data
}
<bytecode: 0x0000000011256730>
<environment: namespace:utils>
> read.csv
function (file, header = TRUE, sep = ",", quote = "\"", dec = ".", 
    fill = TRUE, comment.char = "", ...) 
read.table(file = file, header = header, sep = sep, quote = quote, 
    dec = dec, fill = fill, comment.char = comment.char, ...)
<bytecode: 0x000000001127f1f8>
<environment: namespace:utils>
> read.csv (datascience)
Error in read.table(file = file, header = header, sep = sep, quote = quote,  : 
  object 'datascience' not found
> read.csv (hm1_data)
Error in read.table(file = file, header = header, sep = sep, quote = quote,  : 
  object 'hm1_data' not found
> data <- read.table("hm1_data")
Error in file(file, "rt") : cannot open the connection
In addition: Warning message:
In file(file, "rt") :
  cannot open file 'hm1_data': No such file or directory
> data <- read.table("hm1_data.csv")
Error in file(file, "rt") : cannot open the connection
In addition: Warning message:
In file(file, "rt") :
  cannot open file 'hm1_data.csv': No such file or directory
> load("C:\\Users\\Owner\\Desktop\\datascience\\hw1_data.csv")
Error: bad restore file magic number (file may be corrupted) -- no data loaded
In addition: Warning message:
file ‘hw1_data.csv’ has magic number '"Ozon'
  Use of save versions prior to 2 is deprecated 
> some_data <- read.csv("hw1_data.csv")
> class some_data
Error: unexpected symbol in "class some_data"
> class (some_data
+ 
+ )
[1] "data.frame"
> read.table(some_data)
Error in read.table(some_data) : 
  'file' must be a character string or connection
> read.table("some_data")
Error in file(file, "rt") : cannot open the connection
In addition: Warning message:
In file(file, "rt") :
  cannot open file 'some_data': No such file or directory
> dim (some_data)
[1] 153   6
> ls (some_data)
[1] "Day"     "Month"   "Ozone"   "Solar.R" "Temp"    "Wind"   
> some_data
    Ozone Solar.R Wind Temp Month Day
1      41     190  7.4   67     5   1
2      36     118  8.0   72     5   2
3      12     149 12.6   74     5   3
4      18     313 11.5   62     5   4
5      NA      NA 14.3   56     5   5
6      28      NA 14.9   66     5   6
7      23     299  8.6   65     5   7
8      19      99 13.8   59     5   8
9       8      19 20.1   61     5   9
10     NA     194  8.6   69     5  10
11      7      NA  6.9   74     5  11
12     16     256  9.7   69     5  12
13     11     290  9.2   66     5  13
14     14     274 10.9   68     5  14
15     18      65 13.2   58     5  15
16     14     334 11.5   64     5  16
17     34     307 12.0   66     5  17
18      6      78 18.4   57     5  18
19     30     322 11.5   68     5  19
20     11      44  9.7   62     5  20
21      1       8  9.7   59     5  21
22     11     320 16.6   73     5  22
23      4      25  9.7   61     5  23
24     32      92 12.0   61     5  24
25     NA      66 16.6   57     5  25
26     NA     266 14.9   58     5  26
27     NA      NA  8.0   57     5  27
28     23      13 12.0   67     5  28
29     45     252 14.9   81     5  29
30    115     223  5.7   79     5  30
31     37     279  7.4   76     5  31
32     NA     286  8.6   78     6   1
33     NA     287  9.7   74     6   2
34     NA     242 16.1   67     6   3
35     NA     186  9.2   84     6   4
36     NA     220  8.6   85     6   5
37     NA     264 14.3   79     6   6
38     29     127  9.7   82     6   7
39     NA     273  6.9   87     6   8
40     71     291 13.8   90     6   9
41     39     323 11.5   87     6  10
42     NA     259 10.9   93     6  11
43     NA     250  9.2   92     6  12
44     23     148  8.0   82     6  13
45     NA     332 13.8   80     6  14
46     NA     322 11.5   79     6  15
47     21     191 14.9   77     6  16
48     37     284 20.7   72     6  17
49     20      37  9.2   65     6  18
50     12     120 11.5   73     6  19
51     13     137 10.3   76     6  20
52     NA     150  6.3   77     6  21
53     NA      59  1.7   76     6  22
54     NA      91  4.6   76     6  23
55     NA     250  6.3   76     6  24
56     NA     135  8.0   75     6  25
57     NA     127  8.0   78     6  26
58     NA      47 10.3   73     6  27
59     NA      98 11.5   80     6  28
60     NA      31 14.9   77     6  29
61     NA     138  8.0   83     6  30
62    135     269  4.1   84     7   1
63     49     248  9.2   85     7   2
64     32     236  9.2   81     7   3
65     NA     101 10.9   84     7   4
66     64     175  4.6   83     7   5
67     40     314 10.9   83     7   6
68     77     276  5.1   88     7   7
69     97     267  6.3   92     7   8
70     97     272  5.7   92     7   9
71     85     175  7.4   89     7  10
72     NA     139  8.6   82     7  11
73     10     264 14.3   73     7  12
74     27     175 14.9   81     7  13
75     NA     291 14.9   91     7  14
76      7      48 14.3   80     7  15
77     48     260  6.9   81     7  16
78     35     274 10.3   82     7  17
79     61     285  6.3   84     7  18
80     79     187  5.1   87     7  19
81     63     220 11.5   85     7  20
82     16       7  6.9   74     7  21
83     NA     258  9.7   81     7  22
84     NA     295 11.5   82     7  23
85     80     294  8.6   86     7  24
86    108     223  8.0   85     7  25
87     20      81  8.6   82     7  26
88     52      82 12.0   86     7  27
89     82     213  7.4   88     7  28
90     50     275  7.4   86     7  29
91     64     253  7.4   83     7  30
92     59     254  9.2   81     7  31
93     39      83  6.9   81     8   1
94      9      24 13.8   81     8   2
95     16      77  7.4   82     8   3
96     78      NA  6.9   86     8   4
97     35      NA  7.4   85     8   5
98     66      NA  4.6   87     8   6
99    122     255  4.0   89     8   7
100    89     229 10.3   90     8   8
101   110     207  8.0   90     8   9
102    NA     222  8.6   92     8  10
103    NA     137 11.5   86     8  11
104    44     192 11.5   86     8  12
105    28     273 11.5   82     8  13
106    65     157  9.7   80     8  14
107    NA      64 11.5   79     8  15
108    22      71 10.3   77     8  16
109    59      51  6.3   79     8  17
110    23     115  7.4   76     8  18
111    31     244 10.9   78     8  19
112    44     190 10.3   78     8  20
113    21     259 15.5   77     8  21
114     9      36 14.3   72     8  22
115    NA     255 12.6   75     8  23
116    45     212  9.7   79     8  24
117   168     238  3.4   81     8  25
118    73     215  8.0   86     8  26
119    NA     153  5.7   88     8  27
120    76     203  9.7   97     8  28
121   118     225  2.3   94     8  29
122    84     237  6.3   96     8  30
123    85     188  6.3   94     8  31
124    96     167  6.9   91     9   1
125    78     197  5.1   92     9   2
126    73     183  2.8   93     9   3
127    91     189  4.6   93     9   4
128    47      95  7.4   87     9   5
129    32      92 15.5   84     9   6
130    20     252 10.9   80     9   7
131    23     220 10.3   78     9   8
132    21     230 10.9   75     9   9
133    24     259  9.7   73     9  10
134    44     236 14.9   81     9  11
135    21     259 15.5   76     9  12
136    28     238  6.3   77     9  13
137     9      24 10.9   71     9  14
138    13     112 11.5   71     9  15
139    46     237  6.9   78     9  16
140    18     224 13.8   67     9  17
141    13      27 10.3   76     9  18
142    24     238 10.3   68     9  19
143    16     201  8.0   82     9  20
144    13     238 12.6   64     9  21
145    23      14  9.2   71     9  22
146    36     139 10.3   81     9  23
147     7      49 10.3   69     9  24
148    14      20 16.6   63     9  25
149    30     193  6.9   70     9  26
150    NA     145 13.2   77     9  27
151    14     191 14.3   75     9  28
152    18     131  8.0   76     9  29
153    20     223 11.5   68     9  30
> dim (some_data)
[1] 153   6
> some_data row(1:2)
Error: unexpected symbol in "some_data row"
> nrows(some_data)
Error: could not find function "nrows"
> some_data[1,2]
[1] 190
> some_data[1:2,1:6}
Error: unexpected '}' in "some_data[1:2,1:6}"
> some_data[1:2,1:6]
  Ozone Solar.R Wind Temp Month Day
1    41     190  7.4   67     5   1
2    36     118  8.0   72     5   2
> some_data[1:2,]
  Ozone Solar.R Wind Temp Month Day
1    41     190  7.4   67     5   1
2    36     118  8.0   72     5   2
> some_data[152:153,]
    Ozone Solar.R Wind Temp Month Day
152    18     131  8.0   76     9  29
153    20     223 11.5   68     9  30
> some_dat[47,]
Error: object 'some_dat' not found
> some_data[47,1]
[1] 21
> some_data[47,]
   Ozone Solar.R Wind Temp Month Day
47    21     191 14.9   77     6  16
> is.na(ozone)
Error: object 'ozone' not found
> ozone
Error: object 'ozone' not found
> ozone <- some_data[1:153,1]
> is.na(ozone)
  [1] FALSE FALSE FALSE FALSE  TRUE FALSE FALSE FALSE FALSE  TRUE FALSE FALSE
 [13] FALSE FALSE FALSE FALSE FALSE FALSE FALSE FALSE FALSE FALSE FALSE FALSE
 [25]  TRUE  TRUE  TRUE FALSE FALSE FALSE FALSE  TRUE  TRUE  TRUE  TRUE  TRUE
 [37]  TRUE FALSE  TRUE FALSE FALSE  TRUE  TRUE FALSE  TRUE  TRUE FALSE FALSE
 [49] FALSE FALSE FALSE  TRUE  TRUE  TRUE  TRUE  TRUE  TRUE  TRUE  TRUE  TRUE
 [61]  TRUE FALSE FALSE FALSE  TRUE FALSE FALSE FALSE FALSE FALSE FALSE  TRUE
 [73] FALSE FALSE  TRUE FALSE FALSE FALSE FALSE FALSE FALSE FALSE  TRUE  TRUE
 [85] FALSE FALSE FALSE FALSE FALSE FALSE FALSE FALSE FALSE FALSE FALSE FALSE
 [97] FALSE FALSE FALSE FALSE FALSE  TRUE  TRUE FALSE FALSE FALSE  TRUE FALSE
[109] FALSE FALSE FALSE FALSE FALSE FALSE  TRUE FALSE FALSE FALSE  TRUE FALSE
[121] FALSE FALSE FALSE FALSE FALSE FALSE FALSE FALSE FALSE FALSE FALSE FALSE
[133] FALSE FALSE FALSE FALSE FALSE FALSE FALSE FALSE FALSE FALSE FALSE FALSE
[145] FALSE FALSE FALSE FALSE FALSE  TRUE FALSE FALSE FALSE
> sum(is.na(ozone))
[1] 37
> mean(ozone)
[1] NA
> sum(ozone)
[1] NA
> ozone
  [1]  41  36  12  18  NA  28  23  19   8  NA   7  16  11  14  18  14  34   6  30
 [20]  11   1  11   4  32  NA  NA  NA  23  45 115  37  NA  NA  NA  NA  NA  NA  29
 [39]  NA  71  39  NA  NA  23  NA  NA  21  37  20  12  13  NA  NA  NA  NA  NA  NA
 [58]  NA  NA  NA  NA 135  49  32  NA  64  40  77  97  97  85  NA  10  27  NA   7
 [77]  48  35  61  79  63  16  NA  NA  80 108  20  52  82  50  64  59  39   9  16
 [96]  78  35  66 122  89 110  NA  NA  44  28  65  NA  22  59  23  31  44  21   9
[115]  NA  45 168  73  NA  76 118  84  85  96  78  73  91  47  32  20  23  21  24
[134]  44  21  28   9  13  46  18  13  24  16  13  23  36   7  14  30  NA  14  18
[153]  20
> mean(ozone,na.rm=TRUE)
[1] 42.12931
> mean((ozone),na.rm=TRUE)
[1] 42.12931
> some_data[ozone>31]
Error in `[.data.frame`(some_data, ozone > 31) : 
  undefined columns selected
> some_data(1:2,)
Error: could not find function "some_data"
> some_data[1:2,]
  Ozone Solar.R Wind Temp Month Day
1    41     190  7.4   67     5   1
2    36     118  8.0   72     5   2
> ozone[ozone > 31]
 [1]  41  36  NA  NA  34  32  NA  NA  NA  45 115  37  NA  NA  NA  NA  NA  NA  NA
[20]  71  39  NA  NA  NA  NA  37  NA  NA  NA  NA  NA  NA  NA  NA  NA  NA 135  49
[39]  32  NA  64  40  77  97  97  85  NA  NA  48  35  61  79  63  NA  NA  80 108
[58]  52  82  50  64  59  39  78  35  66 122  89 110  NA  NA  44  65  NA  59  44
[77]  NA  45 168  73  NA  76 118  84  85  96  78  73  91  47  32  44  46  36  NA
> some_data
    Ozone Solar.R Wind Temp Month Day
1      41     190  7.4   67     5   1
2      36     118  8.0   72     5   2
3      12     149 12.6   74     5   3
4      18     313 11.5   62     5   4
5      NA      NA 14.3   56     5   5
6      28      NA 14.9   66     5   6
7      23     299  8.6   65     5   7
8      19      99 13.8   59     5   8
9       8      19 20.1   61     5   9
10     NA     194  8.6   69     5  10
11      7      NA  6.9   74     5  11
12     16     256  9.7   69     5  12
13     11     290  9.2   66     5  13
14     14     274 10.9   68     5  14
15     18      65 13.2   58     5  15
16     14     334 11.5   64     5  16
17     34     307 12.0   66     5  17
18      6      78 18.4   57     5  18
19     30     322 11.5   68     5  19
20     11      44  9.7   62     5  20
21      1       8  9.7   59     5  21
22     11     320 16.6   73     5  22
23      4      25  9.7   61     5  23
24     32      92 12.0   61     5  24
25     NA      66 16.6   57     5  25
26     NA     266 14.9   58     5  26
27     NA      NA  8.0   57     5  27
28     23      13 12.0   67     5  28
29     45     252 14.9   81     5  29
30    115     223  5.7   79     5  30
31     37     279  7.4   76     5  31
32     NA     286  8.6   78     6   1
33     NA     287  9.7   74     6   2
34     NA     242 16.1   67     6   3
35     NA     186  9.2   84     6   4
36     NA     220  8.6   85     6   5
37     NA     264 14.3   79     6   6
38     29     127  9.7   82     6   7
39     NA     273  6.9   87     6   8
40     71     291 13.8   90     6   9
41     39     323 11.5   87     6  10
42     NA     259 10.9   93     6  11
43     NA     250  9.2   92     6  12
44     23     148  8.0   82     6  13
45     NA     332 13.8   80     6  14
46     NA     322 11.5   79     6  15
47     21     191 14.9   77     6  16
48     37     284 20.7   72     6  17
49     20      37  9.2   65     6  18
50     12     120 11.5   73     6  19
51     13     137 10.3   76     6  20
52     NA     150  6.3   77     6  21
53     NA      59  1.7   76     6  22
54     NA      91  4.6   76     6  23
55     NA     250  6.3   76     6  24
56     NA     135  8.0   75     6  25
57     NA     127  8.0   78     6  26
58     NA      47 10.3   73     6  27
59     NA      98 11.5   80     6  28
60     NA      31 14.9   77     6  29
61     NA     138  8.0   83     6  30
62    135     269  4.1   84     7   1
63     49     248  9.2   85     7   2
64     32     236  9.2   81     7   3
65     NA     101 10.9   84     7   4
66     64     175  4.6   83     7   5
67     40     314 10.9   83     7   6
68     77     276  5.1   88     7   7
69     97     267  6.3   92     7   8
70     97     272  5.7   92     7   9
71     85     175  7.4   89     7  10
72     NA     139  8.6   82     7  11
73     10     264 14.3   73     7  12
74     27     175 14.9   81     7  13
75     NA     291 14.9   91     7  14
76      7      48 14.3   80     7  15
77     48     260  6.9   81     7  16
78     35     274 10.3   82     7  17
79     61     285  6.3   84     7  18
80     79     187  5.1   87     7  19
81     63     220 11.5   85     7  20
82     16       7  6.9   74     7  21
83     NA     258  9.7   81     7  22
84     NA     295 11.5   82     7  23
85     80     294  8.6   86     7  24
86    108     223  8.0   85     7  25
87     20      81  8.6   82     7  26
88     52      82 12.0   86     7  27
89     82     213  7.4   88     7  28
90     50     275  7.4   86     7  29
91     64     253  7.4   83     7  30
92     59     254  9.2   81     7  31
93     39      83  6.9   81     8   1
94      9      24 13.8   81     8   2
95     16      77  7.4   82     8   3
96     78      NA  6.9   86     8   4
97     35      NA  7.4   85     8   5
98     66      NA  4.6   87     8   6
99    122     255  4.0   89     8   7
100    89     229 10.3   90     8   8
101   110     207  8.0   90     8   9
102    NA     222  8.6   92     8  10
103    NA     137 11.5   86     8  11
104    44     192 11.5   86     8  12
105    28     273 11.5   82     8  13
106    65     157  9.7   80     8  14
107    NA      64 11.5   79     8  15
108    22      71 10.3   77     8  16
109    59      51  6.3   79     8  17
110    23     115  7.4   76     8  18
111    31     244 10.9   78     8  19
112    44     190 10.3   78     8  20
113    21     259 15.5   77     8  21
114     9      36 14.3   72     8  22
115    NA     255 12.6   75     8  23
116    45     212  9.7   79     8  24
117   168     238  3.4   81     8  25
118    73     215  8.0   86     8  26
119    NA     153  5.7   88     8  27
120    76     203  9.7   97     8  28
121   118     225  2.3   94     8  29
122    84     237  6.3   96     8  30
123    85     188  6.3   94     8  31
124    96     167  6.9   91     9   1
125    78     197  5.1   92     9   2
126    73     183  2.8   93     9   3
127    91     189  4.6   93     9   4
128    47      95  7.4   87     9   5
129    32      92 15.5   84     9   6
130    20     252 10.9   80     9   7
131    23     220 10.3   78     9   8
132    21     230 10.9   75     9   9
133    24     259  9.7   73     9  10
134    44     236 14.9   81     9  11
135    21     259 15.5   76     9  12
136    28     238  6.3   77     9  13
137     9      24 10.9   71     9  14
138    13     112 11.5   71     9  15
139    46     237  6.9   78     9  16
140    18     224 13.8   67     9  17
141    13      27 10.3   76     9  18
142    24     238 10.3   68     9  19
143    16     201  8.0   82     9  20
144    13     238 12.6   64     9  21
145    23      14  9.2   71     9  22
146    36     139 10.3   81     9  23
147     7      49 10.3   69     9  24
148    14      20 16.6   63     9  25
149    30     193  6.9   70     9  26
150    NA     145 13.2   77     9  27
151    14     191 14.3   75     9  28
152    18     131  8.0   76     9  29
153    20     223 11.5   68     9  30
> some_data[1:2,]
  Ozone Solar.R Wind Temp Month Day
1    41     190  7.4   67     5   1
2    36     118  8.0   72     5   2
> colnames(some_data) 
[1] "Ozone"   "Solar.R" "Wind"    "Temp"    "Month"   "Day"    
> some_data["ozone" > 31,]
    Ozone Solar.R Wind Temp Month Day
1      41     190  7.4   67     5   1
2      36     118  8.0   72     5   2
3      12     149 12.6   74     5   3
4      18     313 11.5   62     5   4
5      NA      NA 14.3   56     5   5
6      28      NA 14.9   66     5   6
7      23     299  8.6   65     5   7
8      19      99 13.8   59     5   8
9       8      19 20.1   61     5   9
10     NA     194  8.6   69     5  10
11      7      NA  6.9   74     5  11
12     16     256  9.7   69     5  12
13     11     290  9.2   66     5  13
14     14     274 10.9   68     5  14
15     18      65 13.2   58     5  15
16     14     334 11.5   64     5  16
17     34     307 12.0   66     5  17
18      6      78 18.4   57     5  18
19     30     322 11.5   68     5  19
20     11      44  9.7   62     5  20
21      1       8  9.7   59     5  21
22     11     320 16.6   73     5  22
23      4      25  9.7   61     5  23
24     32      92 12.0   61     5  24
25     NA      66 16.6   57     5  25
26     NA     266 14.9   58     5  26
27     NA      NA  8.0   57     5  27
28     23      13 12.0   67     5  28
29     45     252 14.9   81     5  29
30    115     223  5.7   79     5  30
31     37     279  7.4   76     5  31
32     NA     286  8.6   78     6   1
33     NA     287  9.7   74     6   2
34     NA     242 16.1   67     6   3
35     NA     186  9.2   84     6   4
36     NA     220  8.6   85     6   5
37     NA     264 14.3   79     6   6
38     29     127  9.7   82     6   7
39     NA     273  6.9   87     6   8
40     71     291 13.8   90     6   9
41     39     323 11.5   87     6  10
42     NA     259 10.9   93     6  11
43     NA     250  9.2   92     6  12
44     23     148  8.0   82     6  13
45     NA     332 13.8   80     6  14
46     NA     322 11.5   79     6  15
47     21     191 14.9   77     6  16
48     37     284 20.7   72     6  17
49     20      37  9.2   65     6  18
50     12     120 11.5   73     6  19
51     13     137 10.3   76     6  20
52     NA     150  6.3   77     6  21
53     NA      59  1.7   76     6  22
54     NA      91  4.6   76     6  23
55     NA     250  6.3   76     6  24
56     NA     135  8.0   75     6  25
57     NA     127  8.0   78     6  26
58     NA      47 10.3   73     6  27
59     NA      98 11.5   80     6  28
60     NA      31 14.9   77     6  29
61     NA     138  8.0   83     6  30
62    135     269  4.1   84     7   1
63     49     248  9.2   85     7   2
64     32     236  9.2   81     7   3
65     NA     101 10.9   84     7   4
66     64     175  4.6   83     7   5
67     40     314 10.9   83     7   6
68     77     276  5.1   88     7   7
69     97     267  6.3   92     7   8
70     97     272  5.7   92     7   9
71     85     175  7.4   89     7  10
72     NA     139  8.6   82     7  11
73     10     264 14.3   73     7  12
74     27     175 14.9   81     7  13
75     NA     291 14.9   91     7  14
76      7      48 14.3   80     7  15
77     48     260  6.9   81     7  16
78     35     274 10.3   82     7  17
79     61     285  6.3   84     7  18
80     79     187  5.1   87     7  19
81     63     220 11.5   85     7  20
82     16       7  6.9   74     7  21
83     NA     258  9.7   81     7  22
84     NA     295 11.5   82     7  23
85     80     294  8.6   86     7  24
86    108     223  8.0   85     7  25
87     20      81  8.6   82     7  26
88     52      82 12.0   86     7  27
89     82     213  7.4   88     7  28
90     50     275  7.4   86     7  29
91     64     253  7.4   83     7  30
92     59     254  9.2   81     7  31
93     39      83  6.9   81     8   1
94      9      24 13.8   81     8   2
95     16      77  7.4   82     8   3
96     78      NA  6.9   86     8   4
97     35      NA  7.4   85     8   5
98     66      NA  4.6   87     8   6
99    122     255  4.0   89     8   7
100    89     229 10.3   90     8   8
101   110     207  8.0   90     8   9
102    NA     222  8.6   92     8  10
103    NA     137 11.5   86     8  11
104    44     192 11.5   86     8  12
105    28     273 11.5   82     8  13
106    65     157  9.7   80     8  14
107    NA      64 11.5   79     8  15
108    22      71 10.3   77     8  16
109    59      51  6.3   79     8  17
110    23     115  7.4   76     8  18
111    31     244 10.9   78     8  19
112    44     190 10.3   78     8  20
113    21     259 15.5   77     8  21
114     9      36 14.3   72     8  22
115    NA     255 12.6   75     8  23
116    45     212  9.7   79     8  24
117   168     238  3.4   81     8  25
118    73     215  8.0   86     8  26
119    NA     153  5.7   88     8  27
120    76     203  9.7   97     8  28
121   118     225  2.3   94     8  29
122    84     237  6.3   96     8  30
123    85     188  6.3   94     8  31
124    96     167  6.9   91     9   1
125    78     197  5.1   92     9   2
126    73     183  2.8   93     9   3
127    91     189  4.6   93     9   4
128    47      95  7.4   87     9   5
129    32      92 15.5   84     9   6
130    20     252 10.9   80     9   7
131    23     220 10.3   78     9   8
132    21     230 10.9   75     9   9
133    24     259  9.7   73     9  10
134    44     236 14.9   81     9  11
135    21     259 15.5   76     9  12
136    28     238  6.3   77     9  13
137     9      24 10.9   71     9  14
138    13     112 11.5   71     9  15
139    46     237  6.9   78     9  16
140    18     224 13.8   67     9  17
141    13      27 10.3   76     9  18
142    24     238 10.3   68     9  19
143    16     201  8.0   82     9  20
144    13     238 12.6   64     9  21
145    23      14  9.2   71     9  22
146    36     139 10.3   81     9  23
147     7      49 10.3   69     9  24
148    14      20 16.6   63     9  25
149    30     193  6.9   70     9  26
150    NA     145 13.2   77     9  27
151    14     191 14.3   75     9  28
152    18     131  8.0   76     9  29
153    20     223 11.5   68     9  30
> some_data[("ozone" > 31),]
    Ozone Solar.R Wind Temp Month Day
1      41     190  7.4   67     5   1
2      36     118  8.0   72     5   2
3      12     149 12.6   74     5   3
4      18     313 11.5   62     5   4
5      NA      NA 14.3   56     5   5
6      28      NA 14.9   66     5   6
7      23     299  8.6   65     5   7
8      19      99 13.8   59     5   8
9       8      19 20.1   61     5   9
10     NA     194  8.6   69     5  10
11      7      NA  6.9   74     5  11
12     16     256  9.7   69     5  12
13     11     290  9.2   66     5  13
14     14     274 10.9   68     5  14
15     18      65 13.2   58     5  15
16     14     334 11.5   64     5  16
17     34     307 12.0   66     5  17
18      6      78 18.4   57     5  18
19     30     322 11.5   68     5  19
20     11      44  9.7   62     5  20
21      1       8  9.7   59     5  21
22     11     320 16.6   73     5  22
23      4      25  9.7   61     5  23
24     32      92 12.0   61     5  24
25     NA      66 16.6   57     5  25
26     NA     266 14.9   58     5  26
27     NA      NA  8.0   57     5  27
28     23      13 12.0   67     5  28
29     45     252 14.9   81     5  29
30    115     223  5.7   79     5  30
31     37     279  7.4   76     5  31
32     NA     286  8.6   78     6   1
33     NA     287  9.7   74     6   2
34     NA     242 16.1   67     6   3
35     NA     186  9.2   84     6   4
36     NA     220  8.6   85     6   5
37     NA     264 14.3   79     6   6
38     29     127  9.7   82     6   7
39     NA     273  6.9   87     6   8
40     71     291 13.8   90     6   9
41     39     323 11.5   87     6  10
42     NA     259 10.9   93     6  11
43     NA     250  9.2   92     6  12
44     23     148  8.0   82     6  13
45     NA     332 13.8   80     6  14
46     NA     322 11.5   79     6  15
47     21     191 14.9   77     6  16
48     37     284 20.7   72     6  17
49     20      37  9.2   65     6  18
50     12     120 11.5   73     6  19
51     13     137 10.3   76     6  20
52     NA     150  6.3   77     6  21
53     NA      59  1.7   76     6  22
54     NA      91  4.6   76     6  23
55     NA     250  6.3   76     6  24
56     NA     135  8.0   75     6  25
57     NA     127  8.0   78     6  26
58     NA      47 10.3   73     6  27
59     NA      98 11.5   80     6  28
60     NA      31 14.9   77     6  29
61     NA     138  8.0   83     6  30
62    135     269  4.1   84     7   1
63     49     248  9.2   85     7   2
64     32     236  9.2   81     7   3
65     NA     101 10.9   84     7   4
66     64     175  4.6   83     7   5
67     40     314 10.9   83     7   6
68     77     276  5.1   88     7   7
69     97     267  6.3   92     7   8
70     97     272  5.7   92     7   9
71     85     175  7.4   89     7  10
72     NA     139  8.6   82     7  11
73     10     264 14.3   73     7  12
74     27     175 14.9   81     7  13
75     NA     291 14.9   91     7  14
76      7      48 14.3   80     7  15
77     48     260  6.9   81     7  16
78     35     274 10.3   82     7  17
79     61     285  6.3   84     7  18
80     79     187  5.1   87     7  19
81     63     220 11.5   85     7  20
82     16       7  6.9   74     7  21
83     NA     258  9.7   81     7  22
84     NA     295 11.5   82     7  23
85     80     294  8.6   86     7  24
86    108     223  8.0   85     7  25
87     20      81  8.6   82     7  26
88     52      82 12.0   86     7  27
89     82     213  7.4   88     7  28
90     50     275  7.4   86     7  29
91     64     253  7.4   83     7  30
92     59     254  9.2   81     7  31
93     39      83  6.9   81     8   1
94      9      24 13.8   81     8   2
95     16      77  7.4   82     8   3
96     78      NA  6.9   86     8   4
97     35      NA  7.4   85     8   5
98     66      NA  4.6   87     8   6
99    122     255  4.0   89     8   7
100    89     229 10.3   90     8   8
101   110     207  8.0   90     8   9
102    NA     222  8.6   92     8  10
103    NA     137 11.5   86     8  11
104    44     192 11.5   86     8  12
105    28     273 11.5   82     8  13
106    65     157  9.7   80     8  14
107    NA      64 11.5   79     8  15
108    22      71 10.3   77     8  16
109    59      51  6.3   79     8  17
110    23     115  7.4   76     8  18
111    31     244 10.9   78     8  19
112    44     190 10.3   78     8  20
113    21     259 15.5   77     8  21
114     9      36 14.3   72     8  22
115    NA     255 12.6   75     8  23
116    45     212  9.7   79     8  24
117   168     238  3.4   81     8  25
118    73     215  8.0   86     8  26
119    NA     153  5.7   88     8  27
120    76     203  9.7   97     8  28
121   118     225  2.3   94     8  29
122    84     237  6.3   96     8  30
123    85     188  6.3   94     8  31
124    96     167  6.9   91     9   1
125    78     197  5.1   92     9   2
126    73     183  2.8   93     9   3
127    91     189  4.6   93     9   4
128    47      95  7.4   87     9   5
129    32      92 15.5   84     9   6
130    20     252 10.9   80     9   7
131    23     220 10.3   78     9   8
132    21     230 10.9   75     9   9
133    24     259  9.7   73     9  10
134    44     236 14.9   81     9  11
135    21     259 15.5   76     9  12
136    28     238  6.3   77     9  13
137     9      24 10.9   71     9  14
138    13     112 11.5   71     9  15
139    46     237  6.9   78     9  16
140    18     224 13.8   67     9  17
141    13      27 10.3   76     9  18
142    24     238 10.3   68     9  19
143    16     201  8.0   82     9  20
144    13     238 12.6   64     9  21
145    23      14  9.2   71     9  22
146    36     139 10.3   81     9  23
147     7      49 10.3   69     9  24
148    14      20 16.6   63     9  25
149    30     193  6.9   70     9  26
150    NA     145 13.2   77     9  27
151    14     191 14.3   75     9  28
152    18     131  8.0   76     9  29
153    20     223 11.5   68     9  30
> some_data (ozone > 31)
Error: could not find function "some_data"
> some_data[ozone > 31]
Error in `[.data.frame`(some_data, ozone > 31) : 
  undefined columns selected
> some-data[1( > 31),]
Error: unexpected '>' in "some-data[1( >"
> soem_data[1( > 31),]
Error: unexpected '>' in "soem_data[1( >"
> some_data[1( > 31),]
Error: unexpected '>' in "some_data[1( >"
> temp <- (1:153,4)
Error: unexpected ',' in "temp <- (1:153,"
> temp <- some_data(1:153,4)
Error: could not find function "some_data"
> temp <- some_data[1:153,4]
> Solar <- some_data[1:153,2]
> mean(Solar(temp > 31)
+ )
Error in mean(Solar(temp > 31)) : could not find function "Solar"
> sum(Solar)
[1] NA
> sum(Solar, na.rm)
Error: object 'na.rm' not found
> sum(Solar,na.rm=TRUE)
[1] 27146
> mean(Solar(ozone > 31 & temp >90),na.rm=TRUE
+ )
Error in mean(Solar(ozone > 31 & temp > 90), na.rm = TRUE) : 
  could not find function "Solar"
> firsttest <- some_data[ozone > 31]
Error in `[.data.frame`(some_data, ozone > 31) : 
  undefined columns selected
> firsttest <- some_data(ozone > 31)
Error: could not find function "some_data"
> firsttest <- ozone[ > 31]
Error: unexpected '>' in "firsttest <- ozone[ >"
> firsttest <- ozone(ozone>31)
Error: could not find function "ozone"
> firsttest <- ozone(ozone > 31)
Error: could not find function "ozone"
> firsttest <- ozone[ozone > 31]
> secondtest <- temp[temp > 90]
> firsttest
 [1]  41  36  NA  NA  34  32  NA  NA  NA  45 115  37  NA  NA  NA  NA  NA  NA  NA
[20]  71  39  NA  NA  NA  NA  37  NA  NA  NA  NA  NA  NA  NA  NA  NA  NA 135  49
[39]  32  NA  64  40  77  97  97  85  NA  NA  48  35  61  79  63  NA  NA  80 108
[58]  52  82  50  64  59  39  78  35  66 122  89 110  NA  NA  44  65  NA  59  44
[77]  NA  45 168  73  NA  76 118  84  85  96  78  73  91  47  32  44  46  36  NA
> ozone31 <- ozone[ozone > 31, na.rm=TRUE]
Error in ozone[ozone > 31, na.rm = TRUE] : incorrect number of dimensions
>  ozone31 <- ozone[ozone > 31, na.rm=TRUE]
Error in ozone[ozone > 31, na.rm = TRUE] : incorrect number of dimensions
>  ozone31 <- ozone[ozone > 31, na.rm=TRUE]
Error in ozone[ozone > 31, na.rm = TRUE] : incorrect number of dimensions
> ozone31 <- ozone[ozone > 31], na.rm=TRUE
Error: unexpected ',' in "ozone31 <- ozone[ozone > 31],"
> mean(Solar)
[1] NA
> mean(Solar), na.rm=TRUE
Error: unexpected ',' in "mean(Solar),"
> mean(Solar, na.rm=TRUE)
[1] 185.9315
> mean(Solar[ozone31,], na.rm=TRUE)
Error in mean(Solar[ozone31, ], na.rm = TRUE) : 
  object 'ozone31' not found
> mean(Solar[firsttest,], na.rm=TRUE)
Error in Solar[firsttest, ] : incorrect number of dimensions
> secondtest <- firsttest[temp > 90]
> mean(Solar(secondtest), na.rm=TRUE)
Error in mean(Solar(secondtest), na.rm = TRUE) : 
  could not find function "Solar"
> mean(Solar[secondtest], na.rm=TRUE)
[1] 191
> data$Ozone>31
Error in data$Ozone : object of type 'closure' is not subsettable
> some_data$Ozone>31
  [1]  TRUE  TRUE FALSE FALSE    NA FALSE FALSE FALSE FALSE    NA FALSE FALSE
 [13] FALSE FALSE FALSE FALSE  TRUE FALSE FALSE FALSE FALSE FALSE FALSE  TRUE
 [25]    NA    NA    NA FALSE  TRUE  TRUE  TRUE    NA    NA    NA    NA    NA
 [37]    NA FALSE    NA  TRUE  TRUE    NA    NA FALSE    NA    NA FALSE  TRUE
 [49] FALSE FALSE FALSE    NA    NA    NA    NA    NA    NA    NA    NA    NA
 [61]    NA  TRUE  TRUE  TRUE    NA  TRUE  TRUE  TRUE  TRUE  TRUE  TRUE    NA
 [73] FALSE FALSE    NA FALSE  TRUE  TRUE  TRUE  TRUE  TRUE FALSE    NA    NA
 [85]  TRUE  TRUE FALSE  TRUE  TRUE  TRUE  TRUE  TRUE  TRUE FALSE FALSE  TRUE
 [97]  TRUE  TRUE  TRUE  TRUE  TRUE    NA    NA  TRUE FALSE  TRUE    NA FALSE
[109]  TRUE FALSE FALSE  TRUE FALSE FALSE    NA  TRUE  TRUE  TRUE    NA  TRUE
[121]  TRUE  TRUE  TRUE  TRUE  TRUE  TRUE  TRUE  TRUE  TRUE FALSE FALSE FALSE
[133] FALSE  TRUE FALSE FALSE FALSE FALSE  TRUE FALSE FALSE FALSE FALSE FALSE
[145] FALSE  TRUE FALSE FALSE FALSE    NA FALSE FALSE FALSE
> some_data[some_data$ozone>31&some_data$temp>90]
data frame with 0 columns and 153 rows
> mean(Solar(secondtest), na.rm=TRUE)some_data[some_data$ozone>31&some_data$temp>90]
Error: unexpected symbol in "mean(Solar(secondtest), na.rm=TRUE)some_data"
> some_data[some_data$ozone>31&some_data$temp>90,]
[1] Ozone   Solar.R Wind    Temp    Month   Day    
<0 rows> (or 0-length row.names)
> some_data[some_data$ozone>31&some_data$temp>90,2]
integer(0)
> some_data[some_data$Ozone>31&some_data$Temp>90,]
     Ozone Solar.R Wind Temp Month Day
NA      NA      NA   NA   NA    NA  NA
NA.1    NA      NA   NA   NA    NA  NA
69      97     267  6.3   92     7   8
70      97     272  5.7   92     7   9
NA.2    NA      NA   NA   NA    NA  NA
NA.3    NA      NA   NA   NA    NA  NA
120     76     203  9.7   97     8  28
121    118     225  2.3   94     8  29
122     84     237  6.3   96     8  30
123     85     188  6.3   94     8  31
124     96     167  6.9   91     9   1
125     78     197  5.1   92     9   2
126     73     183  2.8   93     9   3
127     91     189  4.6   93     9   4
> mean(solar[some_data[some_data$ozone>31&some_data$temp>90,]],na.rm=TRUE)
Error in mean(solar[some_data[some_data$ozone > 31 & some_data$temp >  : 
  object 'solar' not found
> mean(Solar.R[some_data[some_data$ozone>31&some_data$temp>90,]],na.rm=TRUE)
Error in mean(Solar.R[some_data[some_data$ozone > 31 & some_data$temp >  : 
  object 'Solar.R' not found
> mean(solar[some_data[some_data$ozone>31&some_data$temp>90,]],na.rm=TRUE)
Error in mean(solar[some_data[some_data$ozone > 31 & some_data$temp >  : 
  object 'solar' not found
> mean(Solar.R[some_data$Ozone>31&some_data$Temp>90,],na.rm=TRUE)
Error in mean(Solar.R[some_data$Ozone > 31 & some_data$Temp > 90, ], na.rm = TRUE) : 
  object 'Solar.R' not found
> mean(Solar.R,na.rm=TRUE)
Error in mean(Solar.R, na.rm = TRUE) : object 'Solar.R' not found
> solar <- some_data[some_data$Ozone>31&some_data$Temp>90,](1:153 ,2)
Error: attempt to apply non-function
> solar <- some_data[1:153,2]
> mean(solar(some_data[some_data$Ozone>31&some_data$Temp>90,])
+ )
Error in mean(solar(some_data[some_data$Ozone > 31 & some_data$Temp >  : 
  could not find function "solar"
> mean(solar[some_data$Ozone>31&some_data$Temp>90,],na.rm=TRUE)
Error in solar[some_data$Ozone > 31 & some_data$Temp > 90, ] : 
  incorrect number of dimensions
> mean(solar[some_data$Ozone>31&some_data$Temp>90,])
Error in solar[some_data$Ozone > 31 & some_data$Temp > 90, ] : 
  incorrect number of dimensions
> mean(solar[some_data$Ozone>31&some_data$Temp>90])
[1] NA
> mean(solar[some_data$Ozone>31&some_data$Temp>90], na.rm=TRUE)
[1] 212.8
> mean(Solar.R[some_data$Ozone>31&some_data$Temp>90], na.rm=TRUE)
Error in mean(Solar.R[some_data$Ozone > 31 & some_data$Temp > 90], na.rm = TRUE) : 
  object 'Solar.R' not found
> colMeans(Solar.R,na.rm=TRUE)
Error in is.data.frame(x) : object 'Solar.R' not found
> colMeans(some_data,na.rm=TRUE)
     Ozone    Solar.R       Wind       Temp      Month        Day 
 42.129310 185.931507   9.957516  77.882353   6.993464  15.803922 
> mean(temp[some_data$Month=6],na.rm=TRUE)
Error: unexpected '=' in "mean(temp[some_data$Month="
> mean(temp[some_data$Month=6],na.rm==TRUE)
Error: unexpected '=' in "mean(temp[some_data$Month="
> mean(temp[some_data$Month==6],na.rm=TRUE)
[1] 79.1
> sort(data_some$Ozone, decreasing=T)
Error in sort(data_some$Ozone, decreasing = T) : 
  object 'data_some' not found
> sort(some_data$Ozone, decreasing=T)
  [1] 168 135 122 118 115 110 108  97  97  96  91  89  85  85  84  82  80  79  78
 [20]  78  77  76  73  73  71  66  65  64  64  63  61  59  59  52  50  49  48  47
 [39]  46  45  45  44  44  44  41  40  39  39  37  37  36  36  35  35  34  32  32
 [58]  32  31  30  30  29  28  28  28  27  24  24  23  23  23  23  23  23  22  21
 [77]  21  21  21  20  20  20  20  19  18  18  18  18  16  16  16  16  14  14  14
 [96]  14  13  13  13  13  12  12  11  11  11  10   9   9   9   8   7   7   7   6
[115]   4   1
> order(some_data$Ozone, decreasting=T)
Error in order(some_data$Ozone, decreasting = T) : 
  argument lengths differ
> order(some_data$Ozone, decreasing=T)
  [1] 117  62  99 121  30 101  86  69  70 124 127 100  71 123 122  89  85  80  96
 [20] 125  68 120 118 126  40  98 106  66  91  81  79  92 109  88  90  63  77 128
 [39] 139  29 116 104 112 134   1  67  41  93  31  48   2 146  78  97  17  24  64
 [58] 129 111  19 149  38   6 105 136  74 133 142   7  28  44 110 131 145 108  47
 [77] 113 132 135  49  87 130 153   8   4  15 140 152  12  82  95 143  14  16 148
 [96] 151  51 138 141 144   3  50  13  20  22  73  94 114 137   9  11  76 147  18
[115]  23  21   5  10  25  26  27  32  33  34  35  36  37  39  42  43  45  46  52
[134]  53  54  55  56  57  58  59  60  61  65  72  75  83  84 102 103 107 115 119
[153] 150
> ndx = order(some_data$Ozone, decreasing=T)
> some_data_sort = some_data[ndx]
Error in `[.data.frame`(some_data, ndx) : undefined columns selected
> some_data_sort = some_data[ndx,]
> some_data_sort
    Ozone Solar.R Wind Temp Month Day
117   168     238  3.4   81     8  25
62    135     269  4.1   84     7   1
99    122     255  4.0   89     8   7
121   118     225  2.3   94     8  29
30    115     223  5.7   79     5  30
101   110     207  8.0   90     8   9
86    108     223  8.0   85     7  25
69     97     267  6.3   92     7   8
70     97     272  5.7   92     7   9
124    96     167  6.9   91     9   1
127    91     189  4.6   93     9   4
100    89     229 10.3   90     8   8
71     85     175  7.4   89     7  10
123    85     188  6.3   94     8  31
122    84     237  6.3   96     8  30
89     82     213  7.4   88     7  28
85     80     294  8.6   86     7  24
80     79     187  5.1   87     7  19
96     78      NA  6.9   86     8   4
125    78     197  5.1   92     9   2
68     77     276  5.1   88     7   7
120    76     203  9.7   97     8  28
118    73     215  8.0   86     8  26
126    73     183  2.8   93     9   3
40     71     291 13.8   90     6   9
98     66      NA  4.6   87     8   6
106    65     157  9.7   80     8  14
66     64     175  4.6   83     7   5
91     64     253  7.4   83     7  30
81     63     220 11.5   85     7  20
79     61     285  6.3   84     7  18
92     59     254  9.2   81     7  31
109    59      51  6.3   79     8  17
88     52      82 12.0   86     7  27
90     50     275  7.4   86     7  29
63     49     248  9.2   85     7   2
77     48     260  6.9   81     7  16
128    47      95  7.4   87     9   5
139    46     237  6.9   78     9  16
29     45     252 14.9   81     5  29
116    45     212  9.7   79     8  24
104    44     192 11.5   86     8  12
112    44     190 10.3   78     8  20
134    44     236 14.9   81     9  11
1      41     190  7.4   67     5   1
67     40     314 10.9   83     7   6
41     39     323 11.5   87     6  10
93     39      83  6.9   81     8   1
31     37     279  7.4   76     5  31
48     37     284 20.7   72     6  17
2      36     118  8.0   72     5   2
146    36     139 10.3   81     9  23
78     35     274 10.3   82     7  17
97     35      NA  7.4   85     8   5
17     34     307 12.0   66     5  17
24     32      92 12.0   61     5  24
64     32     236  9.2   81     7   3
129    32      92 15.5   84     9   6
111    31     244 10.9   78     8  19
19     30     322 11.5   68     5  19
149    30     193  6.9   70     9  26
38     29     127  9.7   82     6   7
6      28      NA 14.9   66     5   6
105    28     273 11.5   82     8  13
136    28     238  6.3   77     9  13
74     27     175 14.9   81     7  13
133    24     259  9.7   73     9  10
142    24     238 10.3   68     9  19
7      23     299  8.6   65     5   7
28     23      13 12.0   67     5  28
44     23     148  8.0   82     6  13
110    23     115  7.4   76     8  18
131    23     220 10.3   78     9   8
145    23      14  9.2   71     9  22
108    22      71 10.3   77     8  16
47     21     191 14.9   77     6  16
113    21     259 15.5   77     8  21
132    21     230 10.9   75     9   9
135    21     259 15.5   76     9  12
49     20      37  9.2   65     6  18
87     20      81  8.6   82     7  26
130    20     252 10.9   80     9   7
153    20     223 11.5   68     9  30
8      19      99 13.8   59     5   8
4      18     313 11.5   62     5   4
15     18      65 13.2   58     5  15
140    18     224 13.8   67     9  17
152    18     131  8.0   76     9  29
12     16     256  9.7   69     5  12
82     16       7  6.9   74     7  21
95     16      77  7.4   82     8   3
143    16     201  8.0   82     9  20
14     14     274 10.9   68     5  14
16     14     334 11.5   64     5  16
148    14      20 16.6   63     9  25
151    14     191 14.3   75     9  28
51     13     137 10.3   76     6  20
138    13     112 11.5   71     9  15
141    13      27 10.3   76     9  18
144    13     238 12.6   64     9  21
3      12     149 12.6   74     5   3
50     12     120 11.5   73     6  19
13     11     290  9.2   66     5  13
20     11      44  9.7   62     5  20
22     11     320 16.6   73     5  22
73     10     264 14.3   73     7  12
94      9      24 13.8   81     8   2
114     9      36 14.3   72     8  22
137     9      24 10.9   71     9  14
9       8      19 20.1   61     5   9
11      7      NA  6.9   74     5  11
76      7      48 14.3   80     7  15
147     7      49 10.3   69     9  24
18      6      78 18.4   57     5  18
23      4      25  9.7   61     5  23
21      1       8  9.7   59     5  21
5      NA      NA 14.3   56     5   5
10     NA     194  8.6   69     5  10
25     NA      66 16.6   57     5  25
26     NA     266 14.9   58     5  26
27     NA      NA  8.0   57     5  27
32     NA     286  8.6   78     6   1
33     NA     287  9.7   74     6   2
34     NA     242 16.1   67     6   3
35     NA     186  9.2   84     6   4
36     NA     220  8.6   85     6   5
37     NA     264 14.3   79     6   6
39     NA     273  6.9   87     6   8
42     NA     259 10.9   93     6  11
43     NA     250  9.2   92     6  12
45     NA     332 13.8   80     6  14
46     NA     322 11.5   79     6  15
52     NA     150  6.3   77     6  21
53     NA      59  1.7   76     6  22
54     NA      91  4.6   76     6  23
55     NA     250  6.3   76     6  24
56     NA     135  8.0   75     6  25
57     NA     127  8.0   78     6  26
58     NA      47 10.3   73     6  27
59     NA      98 11.5   80     6  28
60     NA      31 14.9   77     6  29
61     NA     138  8.0   83     6  30
65     NA     101 10.9   84     7   4
72     NA     139  8.6   82     7  11
75     NA     291 14.9   91     7  14
83     NA     258  9.7   81     7  22
84     NA     295 11.5   82     7  23
102    NA     222  8.6   92     8  10
103    NA     137 11.5   86     8  11
107    NA      64 11.5   79     8  15
115    NA     255 12.6   75     8  23
119    NA     153  5.7   88     8  27
150    NA     145 13.2   77     9  27
> some_data_sort[some_data_sort$Month==5]
Error in `[.data.frame`(some_data_sort, some_data_sort$Month == 5) : 
  undefined columns selected
> some_data_sort[some_data_sort$Month==5,]
   Ozone Solar.R Wind Temp Month Day
30   115     223  5.7   79     5  30
29    45     252 14.9   81     5  29
1     41     190  7.4   67     5   1
31    37     279  7.4   76     5  31
2     36     118  8.0   72     5   2
17    34     307 12.0   66     5  17
24    32      92 12.0   61     5  24
19    30     322 11.5   68     5  19
6     28      NA 14.9   66     5   6
7     23     299  8.6   65     5   7
28    23      13 12.0   67     5  28
8     19      99 13.8   59     5   8
4     18     313 11.5   62     5   4
15    18      65 13.2   58     5  15
12    16     256  9.7   69     5  12
14    14     274 10.9   68     5  14
16    14     334 11.5   64     5  16
3     12     149 12.6   74     5   3
13    11     290  9.2   66     5  13
20    11      44  9.7   62     5  20
22    11     320 16.6   73     5  22
9      8      19 20.1   61     5   9
11     7      NA  6.9   74     5  11
18     6      78 18.4   57     5  18
23     4      25  9.7   61     5  23
21     1       8  9.7   59     5  21
5     NA      NA 14.3   56     5   5
10    NA     194  8.6   69     5  10
25    NA      66 16.6   57     5  25
26    NA     266 14.9   58     5  26
27    NA      NA  8.0   57     5  27
> 
